// Jest Snapshot v1, https://goo.gl/fbAQLP

exports[`Pruebas en FirstApp debe de hacer match con el snapshot 1`] = `
<div>
  <h1>
    titulo
  </h1>
  <p>
    No hay subtitulo
  </p>
  <p>
    Adrian
  </p>
</div>
`;

exports[`Pruebas en FirstApp debe de mostrar el titulo en un h1 1`] = `
<div>
  <h1>
    titulo
  </h1>
  <p>
    No hay subtitulo
  </p>
  <p>
    Adrian
  </p>
</div>
`;
